// Jest Snapshot v1, https://goo.gl/fbAQLP

exports[`options tsClient.enabled 1`] = `
TSBuilder {
  "builderContext": BuilderContext {
    "providers": Object {},
  },
  "files": Array [],
  "options": Object {
    "bundle": Object {
      "bundleFile": "bundle.ts",
      "enabled": true,
      "scope": "contracts",
    },
    "client": Object {
      "enabled": true,
      "execExtendsQuery": true,
      "noImplicitOverride": false,
    },
    "enabled": true,
    "messageBuilder": Object {
      "enabled": false,
    },
    "messageComposer": Object {
      "enabled": false,
    },
    "reactQuery": Object {
      "camelize": true,
      "enabled": true,
      "mutations": false,
      "optionalClient": false,
      "queryKeys": false,
      "version": "v4",
    },
    "recoil": Object {
      "enabled": false,
    },
    "types": Object {
      "aliasExecuteMsg": false,
      "enabled": true,
    },
    "useShorthandCtor": true,
  },
  "plugins": Array [
    TypesPlugin {
      "builder": [Circular],
      "option": Object {
        "bundle": Object {
          "bundleFile": "bundle.ts",
          "enabled": true,
          "scope": "contracts",
        },
        "client": Object {
          "enabled": true,
          "execExtendsQuery": true,
          "noImplicitOverride": false,
        },
        "enabled": true,
        "messageBuilder": Object {
          "enabled": false,
        },
        "messageComposer": Object {
          "enabled": false,
        },
        "reactQuery": Object {
          "camelize": true,
          "enabled": true,
          "mutations": false,
          "optionalClient": false,
          "queryKeys": false,
          "version": "v4",
        },
        "recoil": Object {
          "enabled": false,
        },
        "types": Object {
          "aliasExecuteMsg": false,
          "enabled": true,
        },
        "useShorthandCtor": true,
      },
      "utils": undefined,
    },
    ClientPlugin {
      "builder": [Circular],
      "option": Object {
        "bundle": Object {
          "bundleFile": "bundle.ts",
          "enabled": true,
          "scope": "contracts",
        },
        "client": Object {
          "enabled": true,
          "execExtendsQuery": true,
          "noImplicitOverride": false,
        },
        "enabled": true,
        "messageBuilder": Object {
          "enabled": false,
        },
        "messageComposer": Object {
          "enabled": false,
        },
        "reactQuery": Object {
          "camelize": true,
          "enabled": true,
          "mutations": false,
          "optionalClient": false,
          "queryKeys": false,
          "version": "v4",
        },
        "recoil": Object {
          "enabled": false,
        },
        "types": Object {
          "aliasExecuteMsg": false,
          "enabled": true,
        },
        "useShorthandCtor": true,
      },
      "utils": undefined,
    },
    MessageComposerPlugin {
      "builder": [Circular],
      "option": Object {
        "bundle": Object {
          "bundleFile": "bundle.ts",
          "enabled": true,
          "scope": "contracts",
        },
        "client": Object {
          "enabled": true,
          "execExtendsQuery": true,
          "noImplicitOverride": false,
        },
        "enabled": true,
        "messageBuilder": Object {
          "enabled": false,
        },
        "messageComposer": Object {
          "enabled": false,
        },
        "reactQuery": Object {
          "camelize": true,
          "enabled": true,
          "mutations": false,
          "optionalClient": false,
          "queryKeys": false,
          "version": "v4",
        },
        "recoil": Object {
          "enabled": false,
        },
        "types": Object {
          "aliasExecuteMsg": false,
          "enabled": true,
        },
        "useShorthandCtor": true,
      },
      "utils": undefined,
    },
    ReactQueryPlugin {
      "builder": [Circular],
      "option": Object {
        "bundle": Object {
          "bundleFile": "bundle.ts",
          "enabled": true,
          "scope": "contracts",
        },
        "client": Object {
          "enabled": true,
          "execExtendsQuery": true,
          "noImplicitOverride": false,
        },
        "enabled": true,
        "messageBuilder": Object {
          "enabled": false,
        },
        "messageComposer": Object {
          "enabled": false,
        },
        "reactQuery": Object {
          "camelize": true,
          "enabled": true,
          "mutations": false,
          "optionalClient": false,
          "queryKeys": false,
          "version": "v4",
        },
        "recoil": Object {
          "enabled": false,
        },
        "types": Object {
          "aliasExecuteMsg": false,
          "enabled": true,
        },
        "useShorthandCtor": true,
      },
      "utils": undefined,
    },
    RecoilPlugin {
      "builder": [Circular],
      "option": Object {
        "bundle": Object {
          "bundleFile": "bundle.ts",
          "enabled": true,
          "scope": "contracts",
        },
        "client": Object {
          "enabled": true,
          "execExtendsQuery": true,
          "noImplicitOverride": false,
        },
        "enabled": true,
        "messageBuilder": Object {
          "enabled": false,
        },
        "messageComposer": Object {
          "enabled": false,
        },
        "reactQuery": Object {
          "camelize": true,
          "enabled": true,
          "mutations": false,
          "optionalClient": false,
          "queryKeys": false,
          "version": "v4",
        },
        "recoil": Object {
          "enabled": false,
        },
        "types": Object {
          "aliasExecuteMsg": false,
          "enabled": true,
        },
        "useShorthandCtor": true,
      },
      "utils": Object {
        "selectorFamily": "recoil",
      },
    },
    MessageBuilderPlugin {
      "builder": [Circular],
      "option": Object {
        "bundle": Object {
          "bundleFile": "bundle.ts",
          "enabled": true,
          "scope": "contracts",
        },
        "client": Object {
          "enabled": true,
          "execExtendsQuery": true,
          "noImplicitOverride": false,
        },
        "enabled": true,
        "messageBuilder": Object {
          "enabled": false,
        },
        "messageComposer": Object {
          "enabled": false,
        },
        "reactQuery": Object {
          "camelize": true,
          "enabled": true,
          "mutations": false,
          "optionalClient": false,
          "queryKeys": false,
          "version": "v4",
        },
        "recoil": Object {
          "enabled": false,
        },
        "types": Object {
          "aliasExecuteMsg": false,
          "enabled": true,
        },
        "useShorthandCtor": true,
      },
      "utils": undefined,
    },
    ContractsContextProviderPlugin {
      "builder": [Circular],
      "option": Object {
        "bundle": Object {
          "bundleFile": "bundle.ts",
          "enabled": true,
          "scope": "contracts",
        },
        "client": Object {
          "enabled": true,
          "execExtendsQuery": true,
          "noImplicitOverride": false,
        },
        "enabled": true,
        "messageBuilder": Object {
          "enabled": false,
        },
        "messageComposer": Object {
          "enabled": false,
        },
        "reactQuery": Object {
          "camelize": true,
          "enabled": true,
          "mutations": false,
          "optionalClient": false,
          "queryKeys": false,
          "version": "v4",
        },
        "recoil": Object {
          "enabled": false,
        },
        "types": Object {
          "aliasExecuteMsg": false,
          "enabled": true,
        },
        "useShorthandCtor": true,
      },
      "utils": Object {
        "ContractBase": "__contractContextBase__",
        "IContractConstructor": "__contractContextBase__",
        "IEmptyClient": "__contractContextBase__",
      },
    },
  ],
}
`;

exports[`options undefined 1`] = `
TSBuilder {
  "builderContext": BuilderContext {
    "providers": Object {},
  },
  "files": Array [],
  "options": Object {
    "bundle": Object {
      "bundleFile": "bundle.ts",
      "enabled": true,
      "scope": "contracts",
    },
    "client": Object {
      "enabled": true,
      "execExtendsQuery": true,
      "noImplicitOverride": false,
    },
    "enabled": true,
    "messageBuilder": Object {
      "enabled": false,
    },
    "messageComposer": Object {
      "enabled": false,
    },
    "reactQuery": Object {
      "camelize": true,
      "enabled": false,
      "mutations": false,
      "optionalClient": false,
      "queryKeys": false,
      "version": "v4",
    },
    "recoil": Object {
      "enabled": false,
    },
    "types": Object {
      "aliasExecuteMsg": false,
      "enabled": true,
    },
    "useShorthandCtor": true,
  },
  "plugins": Array [
    TypesPlugin {
      "builder": [Circular],
      "option": Object {
        "bundle": Object {
          "bundleFile": "bundle.ts",
          "enabled": true,
          "scope": "contracts",
        },
        "client": Object {
          "enabled": true,
          "execExtendsQuery": true,
          "noImplicitOverride": false,
        },
        "enabled": true,
        "messageBuilder": Object {
          "enabled": false,
        },
        "messageComposer": Object {
          "enabled": false,
        },
        "reactQuery": Object {
          "camelize": true,
          "enabled": false,
          "mutations": false,
          "optionalClient": false,
          "queryKeys": false,
          "version": "v4",
        },
        "recoil": Object {
          "enabled": false,
        },
        "types": Object {
          "aliasExecuteMsg": false,
          "enabled": true,
        },
        "useShorthandCtor": true,
      },
      "utils": undefined,
    },
    ClientPlugin {
      "builder": [Circular],
      "option": Object {
        "bundle": Object {
          "bundleFile": "bundle.ts",
          "enabled": true,
          "scope": "contracts",
        },
        "client": Object {
          "enabled": true,
          "execExtendsQuery": true,
          "noImplicitOverride": false,
        },
        "enabled": true,
        "messageBuilder": Object {
          "enabled": false,
        },
        "messageComposer": Object {
          "enabled": false,
        },
        "reactQuery": Object {
          "camelize": true,
          "enabled": false,
          "mutations": false,
          "optionalClient": false,
          "queryKeys": false,
          "version": "v4",
        },
        "recoil": Object {
          "enabled": false,
        },
        "types": Object {
          "aliasExecuteMsg": false,
          "enabled": true,
        },
        "useShorthandCtor": true,
      },
      "utils": undefined,
    },
    MessageComposerPlugin {
      "builder": [Circular],
      "option": Object {
        "bundle": Object {
          "bundleFile": "bundle.ts",
          "enabled": true,
          "scope": "contracts",
        },
        "client": Object {
          "enabled": true,
          "execExtendsQuery": true,
          "noImplicitOverride": false,
        },
        "enabled": true,
        "messageBuilder": Object {
          "enabled": false,
        },
        "messageComposer": Object {
          "enabled": false,
        },
        "reactQuery": Object {
          "camelize": true,
          "enabled": false,
          "mutations": false,
          "optionalClient": false,
          "queryKeys": false,
          "version": "v4",
        },
        "recoil": Object {
          "enabled": false,
        },
        "types": Object {
          "aliasExecuteMsg": false,
          "enabled": true,
        },
        "useShorthandCtor": true,
      },
      "utils": undefined,
    },
    ReactQueryPlugin {
      "builder": [Circular],
      "option": Object {
        "bundle": Object {
          "bundleFile": "bundle.ts",
          "enabled": true,
          "scope": "contracts",
        },
        "client": Object {
          "enabled": true,
          "execExtendsQuery": true,
          "noImplicitOverride": false,
        },
        "enabled": true,
        "messageBuilder": Object {
          "enabled": false,
        },
        "messageComposer": Object {
          "enabled": false,
        },
        "reactQuery": Object {
          "camelize": true,
          "enabled": false,
          "mutations": false,
          "optionalClient": false,
          "queryKeys": false,
          "version": "v4",
        },
        "recoil": Object {
          "enabled": false,
        },
        "types": Object {
          "aliasExecuteMsg": false,
          "enabled": true,
        },
        "useShorthandCtor": true,
      },
      "utils": undefined,
    },
    RecoilPlugin {
      "builder": [Circular],
      "option": Object {
        "bundle": Object {
          "bundleFile": "bundle.ts",
          "enabled": true,
          "scope": "contracts",
        },
        "client": Object {
          "enabled": true,
          "execExtendsQuery": true,
          "noImplicitOverride": false,
        },
        "enabled": true,
        "messageBuilder": Object {
          "enabled": false,
        },
        "messageComposer": Object {
          "enabled": false,
        },
        "reactQuery": Object {
          "camelize": true,
          "enabled": false,
          "mutations": false,
          "optionalClient": false,
          "queryKeys": false,
          "version": "v4",
        },
        "recoil": Object {
          "enabled": false,
        },
        "types": Object {
          "aliasExecuteMsg": false,
          "enabled": true,
        },
        "useShorthandCtor": true,
      },
      "utils": Object {
        "selectorFamily": "recoil",
      },
    },
    MessageBuilderPlugin {
      "builder": [Circular],
      "option": Object {
        "bundle": Object {
          "bundleFile": "bundle.ts",
          "enabled": true,
          "scope": "contracts",
        },
        "client": Object {
          "enabled": true,
          "execExtendsQuery": true,
          "noImplicitOverride": false,
        },
        "enabled": true,
        "messageBuilder": Object {
          "enabled": false,
        },
        "messageComposer": Object {
          "enabled": false,
        },
        "reactQuery": Object {
          "camelize": true,
          "enabled": false,
          "mutations": false,
          "optionalClient": false,
          "queryKeys": false,
          "version": "v4",
        },
        "recoil": Object {
          "enabled": false,
        },
        "types": Object {
          "aliasExecuteMsg": false,
          "enabled": true,
        },
        "useShorthandCtor": true,
      },
      "utils": undefined,
    },
    ContractsContextProviderPlugin {
      "builder": [Circular],
      "option": Object {
        "bundle": Object {
          "bundleFile": "bundle.ts",
          "enabled": true,
          "scope": "contracts",
        },
        "client": Object {
          "enabled": true,
          "execExtendsQuery": true,
          "noImplicitOverride": false,
        },
        "enabled": true,
        "messageBuilder": Object {
          "enabled": false,
        },
        "messageComposer": Object {
          "enabled": false,
        },
        "reactQuery": Object {
          "camelize": true,
          "enabled": false,
          "mutations": false,
          "optionalClient": false,
          "queryKeys": false,
          "version": "v4",
        },
        "recoil": Object {
          "enabled": false,
        },
        "types": Object {
          "aliasExecuteMsg": false,
          "enabled": true,
        },
        "useShorthandCtor": true,
      },
      "utils": Object {
        "ContractBase": "__contractContextBase__",
        "IContractConstructor": "__contractContextBase__",
        "IEmptyClient": "__contractContextBase__",
      },
    },
  ],
}
`;
